main.c:86:5:main	24	static
main.c:150:6:SystemClock_Config	88	static
main.c:195:13:MX_TIM1_Init	48	static
main.c:254:13:MX_TIM2_Init	48	static
main.c:312:13:MX_TIM5_Init	32	static
main.c:357:13:MX_TIM11_Init	8	static
main.c:388:13:MX_USART2_UART_Init	8	static
main.c:419:13:MX_DMA_Init	16	static
main.c:441:13:MX_GPIO_Init	48	static
main.c:471:10:micros	12	static
main.c:478:6:HAL_TIM_PeriodElapsedCallback	16	static
main.c:486:6:encoderSpeedReaderCycle	16	static
main.c:516:6:Error_Handler	4	static,ignoring_inline_asm
