stm32f4xx_it.c:75:6:NMI_Handler	4	static
stm32f4xx_it.c:90:6:HardFault_Handler	4	static
stm32f4xx_it.c:105:6:MemManage_Handler	4	static
stm32f4xx_it.c:120:6:BusFault_Handler	4	static
stm32f4xx_it.c:135:6:UsageFault_Handler	4	static
stm32f4xx_it.c:150:6:SVC_Handler	4	static
stm32f4xx_it.c:163:6:DebugMon_Handler	4	static
stm32f4xx_it.c:176:6:PendSV_Handler	4	static
stm32f4xx_it.c:189:6:SysTick_Handler	8	static
stm32f4xx_it.c:210:6:DMA1_Stream5_IRQHandler	8	static
stm32f4xx_it.c:224:6:TIM1_TRG_COM_TIM11_IRQHandler	8	static
stm32f4xx_it.c:239:6:TIM2_IRQHandler	8	static
stm32f4xx_it.c:253:6:TIM5_IRQHandler	8	static
stm32f4xx_it.c:267:6:DMA2_Stream1_IRQHandler	8	static
